------------------------------------------------------------
TimeQuest Timing Analyzer Summary
------------------------------------------------------------

Type  : Slow Model Setup 'machine:inst|yfsm.s1'
Slack : -6.598
TNS   : -6.598

Type  : Slow Model Setup 'Clock'
Slack : -0.482
TNS   : -1.095

Type  : Slow Model Hold 'Clock'
Slack : -2.680
TNS   : -2.680

Type  : Slow Model Hold 'machine:inst|yfsm.s1'
Slack : -1.259
TNS   : -1.259

Type  : Slow Model Minimum Pulse Width 'Latch'
Slack : -1.380
TNS   : -17.380

Type  : Slow Model Minimum Pulse Width 'Clock'
Slack : -1.222
TNS   : -10.222

Type  : Slow Model Minimum Pulse Width 'machine:inst|yfsm.s1'
Slack : -0.595
TNS   : -4.422

Type  : Fast Model Setup 'machine:inst|yfsm.s1'
Slack : -3.061
TNS   : -3.061

Type  : Fast Model Setup 'Clock'
Slack : 0.363
TNS   : 0.000

Type  : Fast Model Hold 'Clock'
Slack : -1.519
TNS   : -1.519

Type  : Fast Model Hold 'machine:inst|yfsm.s1'
Slack : -0.565
TNS   : -0.565

Type  : Fast Model Minimum Pulse Width 'Latch'
Slack : -1.380
TNS   : -17.380

Type  : Fast Model Minimum Pulse Width 'Clock'
Slack : -1.222
TNS   : -10.222

Type  : Fast Model Minimum Pulse Width 'machine:inst|yfsm.s1'
Slack : -0.013
TNS   : -0.078

------------------------------------------------------------
